{"log":"/docker-entrypoint.sh: /docker-entrypoint.d/ is not empty, will attempt to perform configuration\n","stream":"stdout","time":"2024-05-12T12:40:11.080703714Z"}
{"log":"/docker-entrypoint.sh: Looking for shell scripts in /docker-entrypoint.d/\n","stream":"stdout","time":"2024-05-12T12:40:11.080730792Z"}
{"log":"/docker-entrypoint.sh: Launching /docker-entrypoint.d/10-listen-on-ipv6-by-default.sh\n","stream":"stdout","time":"2024-05-12T12:40:11.081688215Z"}
{"log":"10-listen-on-ipv6-by-default.sh: info: Getting the checksum of /etc/nginx/conf.d/default.conf\n","stream":"stdout","time":"2024-05-12T12:40:11.093316331Z"}
{"log":"10-listen-on-ipv6-by-default.sh: info: /etc/nginx/conf.d/default.conf differs from the packaged version\n","stream":"stdout","time":"2024-05-12T12:40:11.102902011Z"}
{"log":"/docker-entrypoint.sh: Sourcing /docker-entrypoint.d/15-local-resolvers.envsh\n","stream":"stdout","time":"2024-05-12T12:40:11.102911019Z"}
{"log":"/docker-entrypoint.sh: Launching /docker-entrypoint.d/20-envsubst-on-templates.sh\n","stream":"stdout","time":"2024-05-12T12:40:11.102913439Z"}
{"log":"/docker-entrypoint.sh: Launching /docker-entrypoint.d/30-tune-worker-processes.sh\n","stream":"stdout","time":"2024-05-12T12:40:11.10412252Z"}
{"log":"/docker-entrypoint.sh: Configuration complete; ready for start up\n","stream":"stdout","time":"2024-05-12T12:40:11.12263748Z"}
{"log":"2024/05/12 12:40:11 [notice] 1#1: ModSecurity-nginx v1.0.3 (rules loaded inline/local/remote: 0/1590/0)\n","stream":"stderr","time":"2024-05-12T12:40:11.451928305Z"}
